// Jest Snapshot v1, https://goo.gl/fbAQLP

exports[`should render NotFoundPage correctly 1`] = `
<div>
  Error 404! - 
  <Link
    to="/"
  >
    Go Back Home
  </Link>
</div>
`;
